// Jest Snapshot v1, https://goo.gl/fbAQLP

exports[`renders correctly 1`] = `
<View
  style={
    Object {
      "flex": 1,
    }
  }
>
  <View
    style={
      Object {
        "borderBottomWidth": 1,
        "borderColor": "darkgray",
        "flex": 1,
        "minHeight": 55,
        "paddingHorizontal": 16,
      }
    }
  >
    <View
      accessibilityComponentType={undefined}
      accessibilityLabel={undefined}
      accessibilityTraits={undefined}
      accessible={true}
      collapsable={undefined}
      hitSlop={undefined}
      isTVSelectable={true}
      nativeID={undefined}
      onLayout={undefined}
      onResponderGrant={[Function]}
      onResponderMove={[Function]}
      onResponderRelease={[Function]}
      onResponderTerminate={[Function]}
      onResponderTerminationRequest={[Function]}
      onStartShouldSetResponder={[Function]}
      style={
        Object {
          "opacity": 1,
        }
      }
      testID={undefined}
      tvParallaxProperties={undefined}
    >
      <View
        style={
          Object {
            "alignItems": "center",
            "flex": 1,
            "flexDirection": "row",
            "justifyContent": "space-between",
            "minHeight": 55,
          }
        }
      >
        <Text
          accessible={true}
          allowFontScaling={true}
          ellipsizeMode="tail"
          numberOfLines={1}
          style={
            Object {
              "color": "#2d2d2d",
              "flex": 3,
              "fontSize": 16,
            }
          }
        >
          Škoda Octavia Combi 2.0 TDI
        </Text>
        <Text
          accessible={true}
          allowFontScaling={true}
          ellipsizeMode="tail"
          style={
            Array [
              Object {
                "color": "#2d2d2d",
                "flex": 3,
                "fontSize": 16,
              },
              Object {
                "flex": 1,
                "textAlign": "right",
              },
            ]
          }
        >
          993 Kč
        </Text>
      </View>
    </View>
  </View>
  <View
    style={
      Object {
        "borderBottomWidth": 1,
        "borderColor": "darkgray",
        "flex": 1,
        "minHeight": 55,
        "paddingHorizontal": 16,
      }
    }
  >
    <View
      accessibilityComponentType={undefined}
      accessibilityLabel={undefined}
      accessibilityTraits={undefined}
      accessible={true}
      collapsable={undefined}
      hitSlop={undefined}
      isTVSelectable={true}
      nativeID={undefined}
      onLayout={undefined}
      onResponderGrant={[Function]}
      onResponderMove={[Function]}
      onResponderRelease={[Function]}
      onResponderTerminate={[Function]}
      onResponderTerminationRequest={[Function]}
      onStartShouldSetResponder={[Function]}
      style={
        Object {
          "opacity": 1,
        }
      }
      testID={undefined}
      tvParallaxProperties={undefined}
    >
      <View
        style={
          Object {
            "alignItems": "center",
            "flex": 1,
            "flexDirection": "row",
            "justifyContent": "space-between",
            "minHeight": 55,
          }
        }
      >
        <Text
          accessible={true}
          allowFontScaling={true}
          ellipsizeMode="tail"
          numberOfLines={1}
          style={
            Object {
              "color": "#2d2d2d",
              "flex": 3,
              "fontSize": 16,
            }
          }
        >
          Kia Cee'd 1.6 CRDi 90
        </Text>
        <Text
          accessible={true}
          allowFontScaling={true}
          ellipsizeMode="tail"
          style={
            Array [
              Object {
                "color": "#2d2d2d",
                "flex": 3,
                "fontSize": 16,
              },
              Object {
                "flex": 1,
                "textAlign": "right",
              },
            ]
          }
        >
          993 Kč
        </Text>
      </View>
    </View>
  </View>
  <View
    style={
      Object {
        "borderBottomWidth": 1,
        "borderColor": "darkgray",
        "flex": 1,
        "minHeight": 55,
        "paddingHorizontal": 16,
      }
    }
  >
    <View
      accessibilityComponentType={undefined}
      accessibilityLabel={undefined}
      accessibilityTraits={undefined}
      accessible={true}
      collapsable={undefined}
      hitSlop={undefined}
      isTVSelectable={true}
      nativeID={undefined}
      onLayout={undefined}
      onResponderGrant={[Function]}
      onResponderMove={[Function]}
      onResponderRelease={[Function]}
      onResponderTerminate={[Function]}
      onResponderTerminationRequest={[Function]}
      onStartShouldSetResponder={[Function]}
      style={
        Object {
          "opacity": 1,
        }
      }
      testID={undefined}
      tvParallaxProperties={undefined}
    >
      <View
        style={
          Object {
            "alignItems": "center",
            "flex": 1,
            "flexDirection": "row",
            "justifyContent": "space-between",
            "minHeight": 55,
          }
        }
      >
        <Text
          accessible={true}
          allowFontScaling={true}
          ellipsizeMode="tail"
          numberOfLines={1}
          style={
            Object {
              "color": "#2d2d2d",
              "flex": 3,
              "fontSize": 16,
            }
          }
        >
          Mercedes CLK Coupe 320 CDI
        </Text>
        <Text
          accessible={true}
          allowFontScaling={true}
          ellipsizeMode="tail"
          style={
            Array [
              Object {
                "color": "#2d2d2d",
                "flex": 3,
                "fontSize": 16,
              },
              Object {
                "flex": 1,
                "textAlign": "right",
              },
            ]
          }
        >
          999 Kč
        </Text>
      </View>
    </View>
  </View>
  <View
    style={
      Object {
        "borderBottomWidth": 1,
        "borderColor": "darkgray",
        "flex": 1,
        "minHeight": 55,
        "paddingHorizontal": 16,
      }
    }
  >
    <View
      accessibilityComponentType={undefined}
      accessibilityLabel={undefined}
      accessibilityTraits={undefined}
      accessible={true}
      collapsable={undefined}
      hitSlop={undefined}
      isTVSelectable={true}
      nativeID={undefined}
      onLayout={undefined}
      onResponderGrant={[Function]}
      onResponderMove={[Function]}
      onResponderRelease={[Function]}
      onResponderTerminate={[Function]}
      onResponderTerminationRequest={[Function]}
      onStartShouldSetResponder={[Function]}
      style={
        Object {
          "opacity": 1,
        }
      }
      testID={undefined}
      tvParallaxProperties={undefined}
    >
      <View
        style={
          Object {
            "alignItems": "center",
            "flex": 1,
            "flexDirection": "row",
            "justifyContent": "space-between",
            "minHeight": 55,
          }
        }
      >
        <Text
          accessible={true}
          allowFontScaling={true}
          ellipsizeMode="tail"
          numberOfLines={1}
          style={
            Object {
              "color": "#2d2d2d",
              "flex": 3,
              "fontSize": 16,
            }
          }
        >
          BMW 330d Cabrio
        </Text>
        <Text
          accessible={true}
          allowFontScaling={true}
          ellipsizeMode="tail"
          style={
            Array [
              Object {
                "color": "#2d2d2d",
                "flex": 3,
                "fontSize": 16,
              },
              Object {
                "flex": 1,
                "textAlign": "right",
              },
            ]
          }
        >
          1 536 Kč
        </Text>
      </View>
    </View>
  </View>
</View>
`;
